
> fanvior-app@0.1.0 build
> next build && opennextjs-cloudflare build

Ôû▓ Next.js 16.2.1 (Turbopack)
- Environments: .env

  Creating an optimized production build ...
Ô£ô Compiled successfully in 6.9s
  Running TypeScript ...
  Finished TypeScript in 9.4s ...
  Collecting page data using 7 workers ...
  Generating static pages using 7 workers (0/22) ...
  Generating static pages using 7 workers (5/22) 
  Generating static pages using 7 workers (10/22) 
  Generating static pages using 7 workers (16/22) 
Ô£ô Generating static pages using 7 workers (22/22) in 1061ms
  Finalizing page optimization ...

Route (app)
Ôöî Ôùï /
Ôö£ Ôùï /_not-found
Ôö£ Ôùï /analytics
Ôö£ ãÆ /api/auth/[...nextauth]
Ôö£ ãÆ /api/auth/register
Ôö£ ãÆ /api/messages/send
Ôö£ ãÆ /api/payments
Ôö£ ãÆ /api/posts
Ôö£ ãÆ /api/test
Ôö£ ãÆ /api/users
Ôö£ ãÆ /api/users/me
Ôö£ Ôùï /chat
Ôö£ Ôùï /checkout
Ôö£ Ôùï /content
Ôö£ Ôùï /dashboard
Ôö£ Ôùï /feed
Ôö£ Ôùï /login
Ôö£ Ôùï /register
Ôö£ Ôùï /reset
Ôö£ Ôùï /settings
Ôöö Ôùï /subscriptions


Ôùï  (Static)   prerendered as static content
ãÆ  (Dynamic)  server-rendered on demand

node.exe : node:interna
l/modules/cjs/loader:13
68
En línea: 1 Carácter: 1
+ & "C:\Program 
Files\nodejs/node.exe" 
"C:\Users\Richard 
M\AppData\Roam ...
+ ~~~~~~~~~~~~~~~~~~~~~
~~~~~~~~~~~~~~~~~~~~~~~
~~~~~~~~~~~~~~~~~~~~~~~
~~
    + CategoryInfo     
         : NotSpecifi  
  ed: (node:internal   
 /modules/cjs/loade    
r:1368:String) [],     
RemoteException
    + FullyQualifiedEr 
   rorId : NativeComm  
  andError
 
  throw err;
  ^

Error: Cannot find 
module 
'C:\Users\Richard M\One
Drive\Documentos\Fanvio
r\node_modules\@opennex
tjs\cloudflare\dist\cli
\index.js'
    at Function._resolv
eFilename (node:interna
l/modules/cjs/loader:13
65:15)
    at 
defaultResolveImpl (nod
e:internal/modules/cjs/
loader:1021:19)
    at 
resolveForCJSWithHooks 
(node:internal/modules/
cjs/loader:1026:22)
    at Function._load (
node:internal/modules/c
js/loader:1175:37)
    at TracingChannel.t
raceSync (node:diagnost
ics_channel:322:14)
    at wrapModuleLoad (
node:internal/modules/c
js/loader:235:24)
    at Function.execute
UserEntryPoint [as 
runMain] (node:internal
/modules/run_main:171:5
)
    at node:internal/ma
in/run_main_module:36:4
9 {
  code: 
'MODULE_NOT_FOUND',
  requireStack: []
}

Node.js v22.18.0
